// Jest Snapshot v1, https://goo.gl/fbAQLP

exports[`Renders <Button /> correctly snapshot testing 1`] = `
<View
  collapsable={true}
  pointerEvents="box-none"
  style={
    Object {
      "flex": 1,
    }
  }
>
  <TouchableOpacity
    activeOpacity={0.2}
    style={
      Array [
        Object {
          "backgroundColor": "rgba(11, 112, 231, 1.0)",
          "paddingTop": 14,
        },
      ]
    }
    testID="ds-button"
  >
    <Text
      align="flex-start"
      color="white"
      letterSpacing="s"
      size="m"
      style={
        Array [
          Object {
            "alignSelf": "flex-start",
            "color": "white",
            "fontFamily": "Lato-Regular",
            "fontSize": 14,
            "letterSpacing": 0,
            "textDecorationLine": "none",
          },
        ]
      }
      testID="ds-text"
      underline={false}
      weight="regular"
    >
      Click Me
    </Text>
  </TouchableOpacity>
</View>
`;
