// Jest Snapshot v1, https://goo.gl/fbAQLP

exports[`Renders <Button /> correctly snapshot testing 1`] = `
<View
  collapsable={true}
  pointerEvents="box-none"
  style={
    Object {
      "flex": 1,
    }
  }
>
  <TouchableOpacity
    activeOpacity={0.2}
    style={
      Array [
        Object {
          "backgroundColor": "#202c41",
          "borderRadius": 6,
          "borderWidth": 1,
          "marginTop": 7,
          "paddingTop": 14,
        },
      ]
    }
  >
    <Text
      style={
        Array [
          Object {
            "alignSelf": "center",
            "color": "#fff",
            "fontSize": 18,
          },
        ]
      }
    >
      Click Me
    </Text>
  </TouchableOpacity>
</View>
`;
