// Jest Snapshot v1, https://goo.gl/fbAQLP

exports[`Native <RadioButton /> Uncontrolled <Radio> should match snapshot when clicked on first child 1`] = `
<TouchableOpacity
  accessibilityRole="radio"
  activeOpacity={1}
  disabled={false}
  style={
    Array [
      Array [
        Object {
          "alignSelf": "flex-start",
          "flexDirection": "column",
        },
      ],
    ]
  }
  testID="reactSelectId"
  underlayColor="transparent"
>
  <View
    style={
      Array [
        Array [
          Object {
            "alignItems": "center",
            "flexDirection": "row",
          },
        ],
      ]
    }
  >
    <View
      backgroundColor="transparent"
      borderRadius="12px"
      style={
        Array [
          Object {
            "backgroundColor": "transparent",
            "borderRadius": 12,
            "height": undefined,
            "width": undefined,
          },
          Array [
            Object {
              "height": 24,
              "width": 24,
            },
            Array [
              Object {
                "alignItems": "center",
                "flexDirection": "column",
                "justifyContent": "center",
              },
            ],
          ],
        ]
      }
    >
      <View
        borderRadius="6px"
        borderWidth="1.2px"
        color="rgba(22, 47, 86, 0.38)"
        style={
          Array [
            Object {
              "borderColor": "rgba(22, 47, 86, 0.38)",
              "borderRadius": 6,
              "borderWidth": 1.2,
            },
            Array [
              Object {
                "height": 12,
                "width": 12,
              },
              Array [
                Object {
                  "alignItems": "center",
                  "flexDirection": "column",
                  "justifyContent": "center",
                },
              ],
            ],
          ]
        }
      />
    </View>
    <View
      style={
        Array [
          Array [
            Object {
              "marginBottom": 0,
              "marginLeft": 4,
              "marginRight": 0,
              "marginTop": 0,
            },
            Array [
              Object {
                "alignSelf": "center",
                "flexDirection": "column",
              },
            ],
          ],
        ]
      }
    >
      <Text
        _isUnderlined={false}
        _letterSpacing="small"
        _weight="regular"
        align="left"
        color="shade.980"
        size="medium"
        style={
          Array [
            Object {
              "color": "rgba(22, 47, 86, 0.87)",
              "fontFamily": "Lato-Regular",
              "fontSize": 14,
              "letterSpacing": 0,
              "lineHeight": 20,
              "textAlign": "left",
              "textDecorationLine": "none",
            },
          ]
        }
        testID="ds-text"
      >
        React
      </Text>
    </View>
  </View>
</TouchableOpacity>
`;

exports[`Native <RadioButton /> Uncontrolled <Radio> should match snapshot when clicked on first child 2`] = `
<TouchableOpacity
  accessibilityRole="radio"
  activeOpacity={1}
  disabled={false}
  style={
    Array [
      Array [
        Object {
          "alignSelf": "flex-start",
          "flexDirection": "column",
        },
      ],
    ]
  }
  testID="reactSelectId"
  underlayColor="transparent"
>
  <View
    style={
      Array [
        Array [
          Object {
            "alignItems": "center",
            "flexDirection": "row",
          },
        ],
      ]
    }
  >
    <View
      backgroundColor="transparent"
      borderRadius="12px"
      style={
        Array [
          Object {
            "backgroundColor": "transparent",
            "borderRadius": 12,
            "height": undefined,
            "width": undefined,
          },
          Array [
            Object {
              "height": 24,
              "width": 24,
            },
            Array [
              Object {
                "alignItems": "center",
                "flexDirection": "column",
                "justifyContent": "center",
              },
            ],
          ],
        ]
      }
    >
      <View
        borderRadius="6px"
        borderWidth="1.2px"
        color="rgba(43, 131, 234, 1.0 )"
        style={
          Array [
            Object {
              "borderColor": "rgba(43, 131, 234, 1.0 )",
              "borderRadius": 6,
              "borderWidth": 1.2,
            },
            Array [
              Object {
                "height": 12,
                "width": 12,
              },
              Array [
                Object {
                  "alignItems": "center",
                  "flexDirection": "column",
                  "justifyContent": "center",
                },
              ],
            ],
          ]
        }
      >
        <View
          backgroundColor="rgba(43, 131, 234, 1.0 )"
          borderRadius="3px"
          style={
            Array [
              Object {
                "backgroundColor": "rgba(43, 131, 234, 1.0 )",
                "borderRadius": 3,
              },
              Array [
                Object {
                  "height": 6,
                  "width": 6,
                },
              ],
            ]
          }
        />
      </View>
    </View>
    <View
      style={
        Array [
          Array [
            Object {
              "marginBottom": 0,
              "marginLeft": 4,
              "marginRight": 0,
              "marginTop": 0,
            },
            Array [
              Object {
                "alignSelf": "center",
                "flexDirection": "column",
              },
            ],
          ],
        ]
      }
    >
      <Text
        _isUnderlined={false}
        _letterSpacing="small"
        _weight="regular"
        align="left"
        color="shade.980"
        size="medium"
        style={
          Array [
            Object {
              "color": "rgba(22, 47, 86, 0.87)",
              "fontFamily": "Lato-Regular",
              "fontSize": 14,
              "letterSpacing": 0,
              "lineHeight": 20,
              "textAlign": "left",
              "textDecorationLine": "none",
            },
          ]
        }
        testID="ds-text"
      >
        React
      </Text>
    </View>
  </View>
</TouchableOpacity>
`;

exports[`Native <RadioButton /> Uncontrolled <Radio> should render radio buttons of different sizes 1`] = `
<View
  collapsable={true}
  pointerEvents="box-none"
  style={
    Object {
      "flex": 1,
    }
  }
>
  <TouchableOpacity
    accessibilityRole="radio"
    activeOpacity={1}
    disabled={false}
    style={
      Array [
        Array [
          Object {
            "alignSelf": "flex-start",
            "flexDirection": "column",
          },
        ],
      ]
    }
    testID="ds-radio-button"
    underlayColor="transparent"
  >
    <View
      style={
        Array [
          Array [
            Object {
              "alignItems": "center",
              "flexDirection": "row",
            },
          ],
        ]
      }
    >
      <View
        backgroundColor="transparent"
        borderRadius="14px"
        style={
          Array [
            Object {
              "backgroundColor": "transparent",
              "borderRadius": 14,
              "height": undefined,
              "width": undefined,
            },
            Array [
              Object {
                "height": 28,
                "width": 28,
              },
              Array [
                Object {
                  "alignItems": "center",
                  "flexDirection": "column",
                  "justifyContent": "center",
                },
              ],
            ],
          ]
        }
      >
        <View
          borderRadius="7px"
          borderWidth="1.4px"
          color="rgba(22, 47, 86, 0.38)"
          style={
            Array [
              Object {
                "borderColor": "rgba(22, 47, 86, 0.38)",
                "borderRadius": 7,
                "borderWidth": 1.4,
              },
              Array [
                Object {
                  "height": 14,
                  "width": 14,
                },
                Array [
                  Object {
                    "alignItems": "center",
                    "flexDirection": "column",
                    "justifyContent": "center",
                  },
                ],
              ],
            ]
          }
        />
      </View>
      <View
        style={
          Array [
            Array [
              Object {
                "marginBottom": 0,
                "marginLeft": 4,
                "marginRight": 0,
                "marginTop": 0,
              },
              Array [
                Object {
                  "alignSelf": "center",
                  "flexDirection": "column",
                },
              ],
            ],
          ]
        }
      >
        <Text
          _isUnderlined={false}
          _letterSpacing="small"
          _weight="regular"
          align="left"
          color="shade.980"
          size="large"
          style={
            Array [
              Object {
                "color": "rgba(22, 47, 86, 0.87)",
                "fontFamily": "Lato-Regular",
                "fontSize": 16,
                "letterSpacing": 0,
                "lineHeight": 24,
                "textAlign": "left",
                "textDecorationLine": "none",
              },
            ]
          }
          testID="ds-text"
        >
          React
        </Text>
      </View>
    </View>
  </TouchableOpacity>
  <TouchableOpacity
    accessibilityRole="radio"
    activeOpacity={1}
    disabled={false}
    style={
      Array [
        Array [
          Object {
            "alignSelf": "flex-start",
            "flexDirection": "column",
          },
        ],
      ]
    }
    testID="ds-radio-button"
    underlayColor="transparent"
  >
    <View
      style={
        Array [
          Array [
            Object {
              "alignItems": "center",
              "flexDirection": "row",
            },
          ],
        ]
      }
    >
      <View
        backgroundColor="transparent"
        borderRadius="12px"
        style={
          Array [
            Object {
              "backgroundColor": "transparent",
              "borderRadius": 12,
              "height": undefined,
              "width": undefined,
            },
            Array [
              Object {
                "height": 24,
                "width": 24,
              },
              Array [
                Object {
                  "alignItems": "center",
                  "flexDirection": "column",
                  "justifyContent": "center",
                },
              ],
            ],
          ]
        }
      >
        <View
          borderRadius="6px"
          borderWidth="1.2px"
          color="rgba(22, 47, 86, 0.38)"
          style={
            Array [
              Object {
                "borderColor": "rgba(22, 47, 86, 0.38)",
                "borderRadius": 6,
                "borderWidth": 1.2,
              },
              Array [
                Object {
                  "height": 12,
                  "width": 12,
                },
                Array [
                  Object {
                    "alignItems": "center",
                    "flexDirection": "column",
                    "justifyContent": "center",
                  },
                ],
              ],
            ]
          }
        />
      </View>
      <View
        style={
          Array [
            Array [
              Object {
                "marginBottom": 0,
                "marginLeft": 4,
                "marginRight": 0,
                "marginTop": 0,
              },
              Array [
                Object {
                  "alignSelf": "center",
                  "flexDirection": "column",
                },
              ],
            ],
          ]
        }
      >
        <Text
          _isUnderlined={false}
          _letterSpacing="small"
          _weight="regular"
          align="left"
          color="shade.980"
          size="medium"
          style={
            Array [
              Object {
                "color": "rgba(22, 47, 86, 0.87)",
                "fontFamily": "Lato-Regular",
                "fontSize": 14,
                "letterSpacing": 0,
                "lineHeight": 20,
                "textAlign": "left",
                "textDecorationLine": "none",
              },
            ]
          }
          testID="ds-text"
        >
          Angular
        </Text>
      </View>
    </View>
  </TouchableOpacity>
  <TouchableOpacity
    accessibilityRole="radio"
    activeOpacity={1}
    disabled={false}
    style={
      Array [
        Array [
          Object {
            "alignSelf": "flex-start",
            "flexDirection": "column",
          },
        ],
      ]
    }
    testID="ds-radio-button"
    underlayColor="transparent"
  >
    <View
      style={
        Array [
          Array [
            Object {
              "alignItems": "center",
              "flexDirection": "row",
            },
          ],
        ]
      }
    >
      <View
        backgroundColor="transparent"
        borderRadius="14px"
        style={
          Array [
            Object {
              "backgroundColor": "transparent",
              "borderRadius": 14,
              "height": undefined,
              "width": undefined,
            },
            Array [
              Object {
                "height": 28,
                "width": 28,
              },
              Array [
                Object {
                  "alignItems": "center",
                  "flexDirection": "column",
                  "justifyContent": "center",
                },
              ],
            ],
          ]
        }
      >
        <View
          borderRadius="7px"
          borderWidth="1.4px"
          color="rgba(22, 47, 86, 0.38)"
          style={
            Array [
              Object {
                "borderColor": "rgba(22, 47, 86, 0.38)",
                "borderRadius": 7,
                "borderWidth": 1.4,
              },
              Array [
                Object {
                  "height": 14,
                  "width": 14,
                },
                Array [
                  Object {
                    "alignItems": "center",
                    "flexDirection": "column",
                    "justifyContent": "center",
                  },
                ],
              ],
            ]
          }
        />
      </View>
      <View
        style={
          Array [
            Array [
              Object {
                "marginBottom": 0,
                "marginLeft": 4,
                "marginRight": 0,
                "marginTop": 0,
              },
              Array [
                Object {
                  "alignSelf": "center",
                  "flexDirection": "column",
                },
              ],
            ],
          ]
        }
      >
        <Text
          _isUnderlined={false}
          _letterSpacing="small"
          _weight="regular"
          align="left"
          color="shade.980"
          size="large"
          style={
            Array [
              Object {
                "color": "rgba(22, 47, 86, 0.87)",
                "fontFamily": "Lato-Regular",
                "fontSize": 16,
                "letterSpacing": 0,
                "lineHeight": 24,
                "textAlign": "left",
                "textDecorationLine": "none",
              },
            ]
          }
          testID="ds-text"
        >
          Vue
        </Text>
      </View>
    </View>
  </TouchableOpacity>
</View>
`;

exports[`Native <RadioButton /> Uncontrolled <Radio> should render radio buttons with disabled state 1`] = `
<View
  collapsable={true}
  pointerEvents="box-none"
  style={
    Object {
      "flex": 1,
    }
  }
>
  <TouchableOpacity
    accessibilityRole="radio"
    activeOpacity={1}
    disabled={true}
    style={
      Array [
        Array [
          Object {
            "alignSelf": "flex-start",
            "flexDirection": "column",
          },
        ],
      ]
    }
    testID="ds-radio-button"
    underlayColor="transparent"
  >
    <View
      style={
        Array [
          Array [
            Object {
              "alignItems": "center",
              "flexDirection": "row",
            },
          ],
        ]
      }
    >
      <View
        backgroundColor="transparent"
        borderRadius="14px"
        style={
          Array [
            Object {
              "backgroundColor": "transparent",
              "borderRadius": 14,
              "height": undefined,
              "width": undefined,
            },
            Array [
              Object {
                "height": 28,
                "width": 28,
              },
              Array [
                Object {
                  "alignItems": "center",
                  "flexDirection": "column",
                  "justifyContent": "center",
                },
              ],
            ],
          ]
        }
      >
        <View
          borderRadius="7px"
          borderWidth="1.4px"
          color="rgba(22, 47, 86, 0.10)"
          style={
            Array [
              Object {
                "borderColor": "rgba(22, 47, 86, 0.10)",
                "borderRadius": 7,
                "borderWidth": 1.4,
              },
              Array [
                Object {
                  "height": 14,
                  "width": 14,
                },
                Array [
                  Object {
                    "alignItems": "center",
                    "flexDirection": "column",
                    "justifyContent": "center",
                  },
                ],
              ],
            ]
          }
        />
      </View>
      <View
        style={
          Array [
            Array [
              Object {
                "marginBottom": 0,
                "marginLeft": 4,
                "marginRight": 0,
                "marginTop": 0,
              },
              Array [
                Object {
                  "alignSelf": "center",
                  "flexDirection": "column",
                },
              ],
            ],
          ]
        }
      >
        <Text
          _isUnderlined={false}
          _letterSpacing="small"
          _weight="regular"
          align="left"
          color="shade.950"
          size="large"
          style={
            Array [
              Object {
                "color": "rgba(22, 47, 86, 0.38)",
                "fontFamily": "Lato-Regular",
                "fontSize": 16,
                "letterSpacing": 0,
                "lineHeight": 24,
                "textAlign": "left",
                "textDecorationLine": "none",
              },
            ]
          }
          testID="ds-text"
        >
          React
        </Text>
      </View>
    </View>
    <View
      style={
        Array [
          Array [
            Object {
              "marginBottom": 0,
              "marginLeft": 32,
              "marginRight": 0,
              "marginTop": 0,
            },
          ],
        ]
      }
    >
      <Text
        _isUnderlined={false}
        _letterSpacing="small"
        _weight="regular"
        align="left"
        color="shade.930"
        size="medium"
        style={
          Array [
            Object {
              "color": "rgba(22, 47, 86, 0.10)",
              "fontFamily": "Lato-Regular",
              "fontSize": 14,
              "letterSpacing": 0,
              "lineHeight": 20,
              "textAlign": "left",
              "textDecorationLine": "none",
            },
          ]
        }
        testID="ds-text"
      >
        Click me!
      </Text>
    </View>
  </TouchableOpacity>
  <TouchableOpacity
    accessibilityRole="radio"
    activeOpacity={1}
    disabled={true}
    style={
      Array [
        Array [
          Object {
            "alignSelf": "flex-start",
            "flexDirection": "column",
          },
        ],
      ]
    }
    testID="ds-radio-button"
    underlayColor="transparent"
  >
    <View
      style={
        Array [
          Array [
            Object {
              "alignItems": "center",
              "flexDirection": "row",
            },
          ],
        ]
      }
    >
      <View
        backgroundColor="transparent"
        borderRadius="12px"
        style={
          Array [
            Object {
              "backgroundColor": "transparent",
              "borderRadius": 12,
              "height": undefined,
              "width": undefined,
            },
            Array [
              Object {
                "height": 24,
                "width": 24,
              },
              Array [
                Object {
                  "alignItems": "center",
                  "flexDirection": "column",
                  "justifyContent": "center",
                },
              ],
            ],
          ]
        }
      >
        <View
          borderRadius="6px"
          borderWidth="1.2px"
          color="rgba(22, 47, 86, 0.10)"
          style={
            Array [
              Object {
                "borderColor": "rgba(22, 47, 86, 0.10)",
                "borderRadius": 6,
                "borderWidth": 1.2,
              },
              Array [
                Object {
                  "height": 12,
                  "width": 12,
                },
                Array [
                  Object {
                    "alignItems": "center",
                    "flexDirection": "column",
                    "justifyContent": "center",
                  },
                ],
              ],
            ]
          }
        />
      </View>
      <View
        style={
          Array [
            Array [
              Object {
                "marginBottom": 0,
                "marginLeft": 4,
                "marginRight": 0,
                "marginTop": 0,
              },
              Array [
                Object {
                  "alignSelf": "center",
                  "flexDirection": "column",
                },
              ],
            ],
          ]
        }
      >
        <Text
          _isUnderlined={false}
          _letterSpacing="small"
          _weight="regular"
          align="left"
          color="shade.950"
          size="medium"
          style={
            Array [
              Object {
                "color": "rgba(22, 47, 86, 0.38)",
                "fontFamily": "Lato-Regular",
                "fontSize": 14,
                "letterSpacing": 0,
                "lineHeight": 20,
                "textAlign": "left",
                "textDecorationLine": "none",
              },
            ]
          }
          testID="ds-text"
        >
          Angular
        </Text>
      </View>
    </View>
    <View
      style={
        Array [
          Array [
            Object {
              "marginBottom": 0,
              "marginLeft": 28,
              "marginRight": 0,
              "marginTop": 0,
            },
          ],
        ]
      }
    >
      <Text
        _isUnderlined={false}
        _letterSpacing="small"
        _weight="regular"
        align="left"
        color="shade.930"
        size="xsmall"
        style={
          Array [
            Object {
              "color": "rgba(22, 47, 86, 0.10)",
              "fontFamily": "Lato-Regular",
              "fontSize": 12,
              "letterSpacing": 0,
              "lineHeight": 18,
              "textAlign": "left",
              "textDecorationLine": "none",
            },
          ]
        }
        testID="ds-text"
      >
        Click me!
      </Text>
    </View>
  </TouchableOpacity>
  <TouchableOpacity
    accessibilityRole="radio"
    activeOpacity={1}
    disabled={true}
    style={
      Array [
        Array [
          Object {
            "alignSelf": "flex-start",
            "flexDirection": "column",
          },
        ],
      ]
    }
    testID="ds-radio-button"
    underlayColor="transparent"
  >
    <View
      style={
        Array [
          Array [
            Object {
              "alignItems": "center",
              "flexDirection": "row",
            },
          ],
        ]
      }
    >
      <View
        backgroundColor="transparent"
        borderRadius="10px"
        style={
          Array [
            Object {
              "backgroundColor": "transparent",
              "borderRadius": 10,
              "height": undefined,
              "width": undefined,
            },
            Array [
              Object {
                "height": 20,
                "width": 20,
              },
              Array [
                Object {
                  "alignItems": "center",
                  "flexDirection": "column",
                  "justifyContent": "center",
                },
              ],
            ],
          ]
        }
      >
        <View
          borderRadius="5px"
          borderWidth="1px"
          color="rgba(22, 47, 86, 0.10)"
          style={
            Array [
              Object {
                "borderColor": "rgba(22, 47, 86, 0.10)",
                "borderRadius": 5,
                "borderWidth": 1,
              },
              Array [
                Object {
                  "height": 10,
                  "width": 10,
                },
                Array [
                  Object {
                    "alignItems": "center",
                    "flexDirection": "column",
                    "justifyContent": "center",
                  },
                ],
              ],
            ]
          }
        />
      </View>
      <View
        style={
          Array [
            Array [
              Object {
                "marginBottom": 0,
                "marginLeft": 4,
                "marginRight": 0,
                "marginTop": 0,
              },
              Array [
                Object {
                  "alignSelf": "center",
                  "flexDirection": "column",
                },
              ],
            ],
          ]
        }
      >
        <Text
          _isUnderlined={false}
          _letterSpacing="small"
          _weight="regular"
          align="left"
          color="shade.950"
          size="small"
          style={
            Array [
              Object {
                "color": "rgba(22, 47, 86, 0.38)",
                "fontFamily": "Lato-Regular",
                "fontSize": 13,
                "letterSpacing": 0,
                "lineHeight": 18,
                "textAlign": "left",
                "textDecorationLine": "none",
              },
            ]
          }
          testID="ds-text"
        >
          Vue
        </Text>
      </View>
    </View>
  </TouchableOpacity>
</View>
`;

exports[`Native <RadioButton /> Uncontrolled <Radio> should render radio buttons with helpTexts 1`] = `
<View
  collapsable={true}
  pointerEvents="box-none"
  style={
    Object {
      "flex": 1,
    }
  }
>
  <TouchableOpacity
    accessibilityRole="radio"
    activeOpacity={1}
    disabled={false}
    style={
      Array [
        Array [
          Object {
            "alignSelf": "flex-start",
            "flexDirection": "column",
          },
        ],
      ]
    }
    testID="ds-radio-button"
    underlayColor="transparent"
  >
    <View
      style={
        Array [
          Array [
            Object {
              "alignItems": "center",
              "flexDirection": "row",
            },
          ],
        ]
      }
    >
      <View
        backgroundColor="transparent"
        borderRadius="14px"
        style={
          Array [
            Object {
              "backgroundColor": "transparent",
              "borderRadius": 14,
              "height": undefined,
              "width": undefined,
            },
            Array [
              Object {
                "height": 28,
                "width": 28,
              },
              Array [
                Object {
                  "alignItems": "center",
                  "flexDirection": "column",
                  "justifyContent": "center",
                },
              ],
            ],
          ]
        }
      >
        <View
          borderRadius="7px"
          borderWidth="1.4px"
          color="rgba(22, 47, 86, 0.38)"
          style={
            Array [
              Object {
                "borderColor": "rgba(22, 47, 86, 0.38)",
                "borderRadius": 7,
                "borderWidth": 1.4,
              },
              Array [
                Object {
                  "height": 14,
                  "width": 14,
                },
                Array [
                  Object {
                    "alignItems": "center",
                    "flexDirection": "column",
                    "justifyContent": "center",
                  },
                ],
              ],
            ]
          }
        />
      </View>
      <View
        style={
          Array [
            Array [
              Object {
                "marginBottom": 0,
                "marginLeft": 4,
                "marginRight": 0,
                "marginTop": 0,
              },
              Array [
                Object {
                  "alignSelf": "center",
                  "flexDirection": "column",
                },
              ],
            ],
          ]
        }
      >
        <Text
          _isUnderlined={false}
          _letterSpacing="small"
          _weight="regular"
          align="left"
          color="shade.980"
          size="large"
          style={
            Array [
              Object {
                "color": "rgba(22, 47, 86, 0.87)",
                "fontFamily": "Lato-Regular",
                "fontSize": 16,
                "letterSpacing": 0,
                "lineHeight": 24,
                "textAlign": "left",
                "textDecorationLine": "none",
              },
            ]
          }
          testID="ds-text"
        >
          React
        </Text>
      </View>
    </View>
    <View
      style={
        Array [
          Array [
            Object {
              "marginBottom": 0,
              "marginLeft": 32,
              "marginRight": 0,
              "marginTop": 0,
            },
          ],
        ]
      }
    >
      <Text
        _isUnderlined={false}
        _letterSpacing="small"
        _weight="regular"
        align="left"
        color="shade.950"
        size="medium"
        style={
          Array [
            Object {
              "color": "rgba(22, 47, 86, 0.38)",
              "fontFamily": "Lato-Regular",
              "fontSize": 14,
              "letterSpacing": 0,
              "lineHeight": 20,
              "textAlign": "left",
              "textDecorationLine": "none",
            },
          ]
        }
        testID="ds-text"
      >
        Click me!
      </Text>
    </View>
  </TouchableOpacity>
  <TouchableOpacity
    accessibilityRole="radio"
    activeOpacity={1}
    disabled={false}
    style={
      Array [
        Array [
          Object {
            "alignSelf": "flex-start",
            "flexDirection": "column",
          },
        ],
      ]
    }
    testID="ds-radio-button"
    underlayColor="transparent"
  >
    <View
      style={
        Array [
          Array [
            Object {
              "alignItems": "center",
              "flexDirection": "row",
            },
          ],
        ]
      }
    >
      <View
        backgroundColor="transparent"
        borderRadius="12px"
        style={
          Array [
            Object {
              "backgroundColor": "transparent",
              "borderRadius": 12,
              "height": undefined,
              "width": undefined,
            },
            Array [
              Object {
                "height": 24,
                "width": 24,
              },
              Array [
                Object {
                  "alignItems": "center",
                  "flexDirection": "column",
                  "justifyContent": "center",
                },
              ],
            ],
          ]
        }
      >
        <View
          borderRadius="6px"
          borderWidth="1.2px"
          color="rgba(22, 47, 86, 0.38)"
          style={
            Array [
              Object {
                "borderColor": "rgba(22, 47, 86, 0.38)",
                "borderRadius": 6,
                "borderWidth": 1.2,
              },
              Array [
                Object {
                  "height": 12,
                  "width": 12,
                },
                Array [
                  Object {
                    "alignItems": "center",
                    "flexDirection": "column",
                    "justifyContent": "center",
                  },
                ],
              ],
            ]
          }
        />
      </View>
      <View
        style={
          Array [
            Array [
              Object {
                "marginBottom": 0,
                "marginLeft": 4,
                "marginRight": 0,
                "marginTop": 0,
              },
              Array [
                Object {
                  "alignSelf": "center",
                  "flexDirection": "column",
                },
              ],
            ],
          ]
        }
      >
        <Text
          _isUnderlined={false}
          _letterSpacing="small"
          _weight="regular"
          align="left"
          color="shade.980"
          size="medium"
          style={
            Array [
              Object {
                "color": "rgba(22, 47, 86, 0.87)",
                "fontFamily": "Lato-Regular",
                "fontSize": 14,
                "letterSpacing": 0,
                "lineHeight": 20,
                "textAlign": "left",
                "textDecorationLine": "none",
              },
            ]
          }
          testID="ds-text"
        >
          Angular
        </Text>
      </View>
    </View>
    <View
      style={
        Array [
          Array [
            Object {
              "marginBottom": 0,
              "marginLeft": 28,
              "marginRight": 0,
              "marginTop": 0,
            },
          ],
        ]
      }
    >
      <Text
        _isUnderlined={false}
        _letterSpacing="small"
        _weight="regular"
        align="left"
        color="shade.950"
        size="xsmall"
        style={
          Array [
            Object {
              "color": "rgba(22, 47, 86, 0.38)",
              "fontFamily": "Lato-Regular",
              "fontSize": 12,
              "letterSpacing": 0,
              "lineHeight": 18,
              "textAlign": "left",
              "textDecorationLine": "none",
            },
          ]
        }
        testID="ds-text"
      >
        Click me!
      </Text>
    </View>
  </TouchableOpacity>
  <TouchableOpacity
    accessibilityRole="radio"
    activeOpacity={1}
    disabled={false}
    style={
      Array [
        Array [
          Object {
            "alignSelf": "flex-start",
            "flexDirection": "column",
          },
        ],
      ]
    }
    testID="ds-radio-button"
    underlayColor="transparent"
  >
    <View
      style={
        Array [
          Array [
            Object {
              "alignItems": "center",
              "flexDirection": "row",
            },
          ],
        ]
      }
    >
      <View
        backgroundColor="transparent"
        borderRadius="10px"
        style={
          Array [
            Object {
              "backgroundColor": "transparent",
              "borderRadius": 10,
              "height": undefined,
              "width": undefined,
            },
            Array [
              Object {
                "height": 20,
                "width": 20,
              },
              Array [
                Object {
                  "alignItems": "center",
                  "flexDirection": "column",
                  "justifyContent": "center",
                },
              ],
            ],
          ]
        }
      >
        <View
          borderRadius="5px"
          borderWidth="1px"
          color="rgba(22, 47, 86, 0.38)"
          style={
            Array [
              Object {
                "borderColor": "rgba(22, 47, 86, 0.38)",
                "borderRadius": 5,
                "borderWidth": 1,
              },
              Array [
                Object {
                  "height": 10,
                  "width": 10,
                },
                Array [
                  Object {
                    "alignItems": "center",
                    "flexDirection": "column",
                    "justifyContent": "center",
                  },
                ],
              ],
            ]
          }
        />
      </View>
      <View
        style={
          Array [
            Array [
              Object {
                "marginBottom": 0,
                "marginLeft": 4,
                "marginRight": 0,
                "marginTop": 0,
              },
              Array [
                Object {
                  "alignSelf": "center",
                  "flexDirection": "column",
                },
              ],
            ],
          ]
        }
      >
        <Text
          _isUnderlined={false}
          _letterSpacing="small"
          _weight="regular"
          align="left"
          color="shade.980"
          size="small"
          style={
            Array [
              Object {
                "color": "rgba(22, 47, 86, 0.87)",
                "fontFamily": "Lato-Regular",
                "fontSize": 13,
                "letterSpacing": 0,
                "lineHeight": 18,
                "textAlign": "left",
                "textDecorationLine": "none",
              },
            ]
          }
          testID="ds-text"
        >
          Vue
        </Text>
      </View>
    </View>
  </TouchableOpacity>
</View>
`;

exports[`Native <RadioButton /> Uncontrolled <Radio> should render uncontrolled Radio component 1`] = `
<View
  collapsable={true}
  pointerEvents="box-none"
  style={
    Object {
      "flex": 1,
    }
  }
>
  <TouchableOpacity
    accessibilityRole="radio"
    activeOpacity={1}
    disabled={false}
    style={
      Array [
        Array [
          Object {
            "alignSelf": "flex-start",
            "flexDirection": "column",
          },
        ],
      ]
    }
    testID="ds-radio-button"
    underlayColor="transparent"
  >
    <View
      style={
        Array [
          Array [
            Object {
              "alignItems": "center",
              "flexDirection": "row",
            },
          ],
        ]
      }
    >
      <View
        backgroundColor="transparent"
        borderRadius="12px"
        style={
          Array [
            Object {
              "backgroundColor": "transparent",
              "borderRadius": 12,
              "height": undefined,
              "width": undefined,
            },
            Array [
              Object {
                "height": 24,
                "width": 24,
              },
              Array [
                Object {
                  "alignItems": "center",
                  "flexDirection": "column",
                  "justifyContent": "center",
                },
              ],
            ],
          ]
        }
      >
        <View
          borderRadius="6px"
          borderWidth="1.2px"
          color="rgba(22, 47, 86, 0.38)"
          style={
            Array [
              Object {
                "borderColor": "rgba(22, 47, 86, 0.38)",
                "borderRadius": 6,
                "borderWidth": 1.2,
              },
              Array [
                Object {
                  "height": 12,
                  "width": 12,
                },
                Array [
                  Object {
                    "alignItems": "center",
                    "flexDirection": "column",
                    "justifyContent": "center",
                  },
                ],
              ],
            ]
          }
        />
      </View>
      <View
        style={
          Array [
            Array [
              Object {
                "marginBottom": 0,
                "marginLeft": 4,
                "marginRight": 0,
                "marginTop": 0,
              },
              Array [
                Object {
                  "alignSelf": "center",
                  "flexDirection": "column",
                },
              ],
            ],
          ]
        }
      >
        <Text
          _isUnderlined={false}
          _letterSpacing="small"
          _weight="regular"
          align="left"
          color="shade.980"
          size="medium"
          style={
            Array [
              Object {
                "color": "rgba(22, 47, 86, 0.87)",
                "fontFamily": "Lato-Regular",
                "fontSize": 14,
                "letterSpacing": 0,
                "lineHeight": 20,
                "textAlign": "left",
                "textDecorationLine": "none",
              },
            ]
          }
          testID="ds-text"
        >
          React
        </Text>
      </View>
    </View>
  </TouchableOpacity>
  <TouchableOpacity
    accessibilityRole="radio"
    activeOpacity={1}
    disabled={false}
    style={
      Array [
        Array [
          Object {
            "alignSelf": "flex-start",
            "flexDirection": "column",
          },
        ],
      ]
    }
    testID="ds-radio-button"
    underlayColor="transparent"
  >
    <View
      style={
        Array [
          Array [
            Object {
              "alignItems": "center",
              "flexDirection": "row",
            },
          ],
        ]
      }
    >
      <View
        backgroundColor="transparent"
        borderRadius="12px"
        style={
          Array [
            Object {
              "backgroundColor": "transparent",
              "borderRadius": 12,
              "height": undefined,
              "width": undefined,
            },
            Array [
              Object {
                "height": 24,
                "width": 24,
              },
              Array [
                Object {
                  "alignItems": "center",
                  "flexDirection": "column",
                  "justifyContent": "center",
                },
              ],
            ],
          ]
        }
      >
        <View
          borderRadius="6px"
          borderWidth="1.2px"
          color="rgba(22, 47, 86, 0.38)"
          style={
            Array [
              Object {
                "borderColor": "rgba(22, 47, 86, 0.38)",
                "borderRadius": 6,
                "borderWidth": 1.2,
              },
              Array [
                Object {
                  "height": 12,
                  "width": 12,
                },
                Array [
                  Object {
                    "alignItems": "center",
                    "flexDirection": "column",
                    "justifyContent": "center",
                  },
                ],
              ],
            ]
          }
        />
      </View>
      <View
        style={
          Array [
            Array [
              Object {
                "marginBottom": 0,
                "marginLeft": 4,
                "marginRight": 0,
                "marginTop": 0,
              },
              Array [
                Object {
                  "alignSelf": "center",
                  "flexDirection": "column",
                },
              ],
            ],
          ]
        }
      >
        <Text
          _isUnderlined={false}
          _letterSpacing="small"
          _weight="regular"
          align="left"
          color="shade.980"
          size="medium"
          style={
            Array [
              Object {
                "color": "rgba(22, 47, 86, 0.87)",
                "fontFamily": "Lato-Regular",
                "fontSize": 14,
                "letterSpacing": 0,
                "lineHeight": 20,
                "textAlign": "left",
                "textDecorationLine": "none",
              },
            ]
          }
          testID="ds-text"
        >
          Angular
        </Text>
      </View>
    </View>
  </TouchableOpacity>
  <TouchableOpacity
    accessibilityRole="radio"
    activeOpacity={1}
    disabled={false}
    style={
      Array [
        Array [
          Object {
            "alignSelf": "flex-start",
            "flexDirection": "column",
          },
        ],
      ]
    }
    testID="ds-radio-button"
    underlayColor="transparent"
  >
    <View
      style={
        Array [
          Array [
            Object {
              "alignItems": "center",
              "flexDirection": "row",
            },
          ],
        ]
      }
    >
      <View
        backgroundColor="transparent"
        borderRadius="12px"
        style={
          Array [
            Object {
              "backgroundColor": "transparent",
              "borderRadius": 12,
              "height": undefined,
              "width": undefined,
            },
            Array [
              Object {
                "height": 24,
                "width": 24,
              },
              Array [
                Object {
                  "alignItems": "center",
                  "flexDirection": "column",
                  "justifyContent": "center",
                },
              ],
            ],
          ]
        }
      >
        <View
          borderRadius="6px"
          borderWidth="1.2px"
          color="rgba(22, 47, 86, 0.38)"
          style={
            Array [
              Object {
                "borderColor": "rgba(22, 47, 86, 0.38)",
                "borderRadius": 6,
                "borderWidth": 1.2,
              },
              Array [
                Object {
                  "height": 12,
                  "width": 12,
                },
                Array [
                  Object {
                    "alignItems": "center",
                    "flexDirection": "column",
                    "justifyContent": "center",
                  },
                ],
              ],
            ]
          }
        />
      </View>
      <View
        style={
          Array [
            Array [
              Object {
                "marginBottom": 0,
                "marginLeft": 4,
                "marginRight": 0,
                "marginTop": 0,
              },
              Array [
                Object {
                  "alignSelf": "center",
                  "flexDirection": "column",
                },
              ],
            ],
          ]
        }
      >
        <Text
          _isUnderlined={false}
          _letterSpacing="small"
          _weight="regular"
          align="left"
          color="shade.980"
          size="medium"
          style={
            Array [
              Object {
                "color": "rgba(22, 47, 86, 0.87)",
                "fontFamily": "Lato-Regular",
                "fontSize": 14,
                "letterSpacing": 0,
                "lineHeight": 20,
                "textAlign": "left",
                "textDecorationLine": "none",
              },
            ]
          }
          testID="ds-text"
        >
          Vue
        </Text>
      </View>
    </View>
  </TouchableOpacity>
</View>
`;

exports[`Native <RadioButton /> Uncontrolled <Radio> snapshot testing when user presses in  on RadioButton 1`] = `
<View
  collapsable={true}
  pointerEvents="box-none"
  style={
    Object {
      "flex": 1,
    }
  }
>
  <TouchableOpacity
    accessibilityRole="radio"
    activeOpacity={1}
    disabled={false}
    style={
      Array [
        Array [
          Object {
            "alignSelf": "flex-start",
            "flexDirection": "column",
          },
        ],
      ]
    }
    testID="reactSelectId"
    underlayColor="transparent"
  >
    <View
      style={
        Array [
          Array [
            Object {
              "alignItems": "center",
              "flexDirection": "row",
            },
          ],
        ]
      }
    >
      <View
        backgroundColor="rgba(224, 228, 249, 0.24)"
        borderRadius="12px"
        style={
          Array [
            Object {
              "backgroundColor": "rgba(224, 228, 249, 0.24)",
              "borderRadius": 12,
              "height": undefined,
              "width": undefined,
            },
            Array [
              Object {
                "height": 24,
                "width": 24,
              },
              Array [
                Object {
                  "alignItems": "center",
                  "flexDirection": "column",
                  "justifyContent": "center",
                },
              ],
            ],
          ]
        }
      >
        <View
          borderRadius="6px"
          borderWidth="1.2px"
          color="rgba(22, 47, 86, 0.38)"
          style={
            Array [
              Object {
                "borderColor": "rgba(22, 47, 86, 0.38)",
                "borderRadius": 6,
                "borderWidth": 1.2,
              },
              Array [
                Object {
                  "height": 12,
                  "width": 12,
                },
                Array [
                  Object {
                    "alignItems": "center",
                    "flexDirection": "column",
                    "justifyContent": "center",
                  },
                ],
              ],
            ]
          }
        />
      </View>
      <View
        style={
          Array [
            Array [
              Object {
                "marginBottom": 0,
                "marginLeft": 4,
                "marginRight": 0,
                "marginTop": 0,
              },
              Array [
                Object {
                  "alignSelf": "center",
                  "flexDirection": "column",
                },
              ],
            ],
          ]
        }
      >
        <Text
          _isUnderlined={false}
          _letterSpacing="small"
          _weight="regular"
          align="left"
          color="shade.980"
          size="medium"
          style={
            Array [
              Object {
                "color": "rgba(22, 47, 86, 0.87)",
                "fontFamily": "Lato-Regular",
                "fontSize": 14,
                "letterSpacing": 0,
                "lineHeight": 20,
                "textAlign": "left",
                "textDecorationLine": "none",
              },
            ]
          }
          testID="ds-text"
        >
          React
        </Text>
      </View>
    </View>
  </TouchableOpacity>
  <TouchableOpacity
    accessibilityRole="radio"
    activeOpacity={1}
    disabled={false}
    style={
      Array [
        Array [
          Object {
            "alignSelf": "flex-start",
            "flexDirection": "column",
          },
        ],
      ]
    }
    testID="angularSelectId"
    underlayColor="transparent"
  >
    <View
      style={
        Array [
          Array [
            Object {
              "alignItems": "center",
              "flexDirection": "row",
            },
          ],
        ]
      }
    >
      <View
        backgroundColor="transparent"
        borderRadius="12px"
        style={
          Array [
            Object {
              "backgroundColor": "transparent",
              "borderRadius": 12,
              "height": undefined,
              "width": undefined,
            },
            Array [
              Object {
                "height": 24,
                "width": 24,
              },
              Array [
                Object {
                  "alignItems": "center",
                  "flexDirection": "column",
                  "justifyContent": "center",
                },
              ],
            ],
          ]
        }
      >
        <View
          borderRadius="6px"
          borderWidth="1.2px"
          color="rgba(22, 47, 86, 0.38)"
          style={
            Array [
              Object {
                "borderColor": "rgba(22, 47, 86, 0.38)",
                "borderRadius": 6,
                "borderWidth": 1.2,
              },
              Array [
                Object {
                  "height": 12,
                  "width": 12,
                },
                Array [
                  Object {
                    "alignItems": "center",
                    "flexDirection": "column",
                    "justifyContent": "center",
                  },
                ],
              ],
            ]
          }
        />
      </View>
      <View
        style={
          Array [
            Array [
              Object {
                "marginBottom": 0,
                "marginLeft": 4,
                "marginRight": 0,
                "marginTop": 0,
              },
              Array [
                Object {
                  "alignSelf": "center",
                  "flexDirection": "column",
                },
              ],
            ],
          ]
        }
      >
        <Text
          _isUnderlined={false}
          _letterSpacing="small"
          _weight="regular"
          align="left"
          color="shade.980"
          size="medium"
          style={
            Array [
              Object {
                "color": "rgba(22, 47, 86, 0.87)",
                "fontFamily": "Lato-Regular",
                "fontSize": 14,
                "letterSpacing": 0,
                "lineHeight": 20,
                "textAlign": "left",
                "textDecorationLine": "none",
              },
            ]
          }
          testID="ds-text"
        >
          Angular
        </Text>
      </View>
    </View>
  </TouchableOpacity>
  <TouchableOpacity
    accessibilityRole="radio"
    activeOpacity={1}
    disabled={false}
    style={
      Array [
        Array [
          Object {
            "alignSelf": "flex-start",
            "flexDirection": "column",
          },
        ],
      ]
    }
    testID="vueSelectId"
    underlayColor="transparent"
  >
    <View
      style={
        Array [
          Array [
            Object {
              "alignItems": "center",
              "flexDirection": "row",
            },
          ],
        ]
      }
    >
      <View
        backgroundColor="transparent"
        borderRadius="12px"
        style={
          Array [
            Object {
              "backgroundColor": "transparent",
              "borderRadius": 12,
              "height": undefined,
              "width": undefined,
            },
            Array [
              Object {
                "height": 24,
                "width": 24,
              },
              Array [
                Object {
                  "alignItems": "center",
                  "flexDirection": "column",
                  "justifyContent": "center",
                },
              ],
            ],
          ]
        }
      >
        <View
          borderRadius="6px"
          borderWidth="1.2px"
          color="rgba(22, 47, 86, 0.38)"
          style={
            Array [
              Object {
                "borderColor": "rgba(22, 47, 86, 0.38)",
                "borderRadius": 6,
                "borderWidth": 1.2,
              },
              Array [
                Object {
                  "height": 12,
                  "width": 12,
                },
                Array [
                  Object {
                    "alignItems": "center",
                    "flexDirection": "column",
                    "justifyContent": "center",
                  },
                ],
              ],
            ]
          }
        />
      </View>
      <View
        style={
          Array [
            Array [
              Object {
                "marginBottom": 0,
                "marginLeft": 4,
                "marginRight": 0,
                "marginTop": 0,
              },
              Array [
                Object {
                  "alignSelf": "center",
                  "flexDirection": "column",
                },
              ],
            ],
          ]
        }
      >
        <Text
          _isUnderlined={false}
          _letterSpacing="small"
          _weight="regular"
          align="left"
          color="shade.980"
          size="medium"
          style={
            Array [
              Object {
                "color": "rgba(22, 47, 86, 0.87)",
                "fontFamily": "Lato-Regular",
                "fontSize": 14,
                "letterSpacing": 0,
                "lineHeight": 20,
                "textAlign": "left",
                "textDecorationLine": "none",
              },
            ]
          }
          testID="ds-text"
        >
          Vue
        </Text>
      </View>
    </View>
  </TouchableOpacity>
</View>
`;

exports[`Native <RadioButton /> Uncontrolled <Radio> snapshot testing when user presses in  on RadioButton of size large 1`] = `
<View
  collapsable={true}
  pointerEvents="box-none"
  style={
    Object {
      "flex": 1,
    }
  }
>
  <TouchableOpacity
    accessibilityRole="radio"
    activeOpacity={1}
    disabled={false}
    style={
      Array [
        Array [
          Object {
            "alignSelf": "flex-start",
            "flexDirection": "column",
          },
        ],
      ]
    }
    testID="reactSelectId"
    underlayColor="transparent"
  >
    <View
      style={
        Array [
          Array [
            Object {
              "alignItems": "center",
              "flexDirection": "row",
            },
          ],
        ]
      }
    >
      <View
        backgroundColor="rgba(224, 228, 249, 0.24)"
        borderRadius="14px"
        style={
          Array [
            Object {
              "backgroundColor": "rgba(224, 228, 249, 0.24)",
              "borderRadius": 14,
              "height": undefined,
              "width": undefined,
            },
            Array [
              Object {
                "height": 28,
                "width": 28,
              },
              Array [
                Object {
                  "alignItems": "center",
                  "flexDirection": "column",
                  "justifyContent": "center",
                },
              ],
            ],
          ]
        }
      >
        <View
          borderRadius="7px"
          borderWidth="1.4px"
          color="rgba(22, 47, 86, 0.38)"
          style={
            Array [
              Object {
                "borderColor": "rgba(22, 47, 86, 0.38)",
                "borderRadius": 7,
                "borderWidth": 1.4,
              },
              Array [
                Object {
                  "height": 14,
                  "width": 14,
                },
                Array [
                  Object {
                    "alignItems": "center",
                    "flexDirection": "column",
                    "justifyContent": "center",
                  },
                ],
              ],
            ]
          }
        />
      </View>
      <View
        style={
          Array [
            Array [
              Object {
                "marginBottom": 0,
                "marginLeft": 4,
                "marginRight": 0,
                "marginTop": 0,
              },
              Array [
                Object {
                  "alignSelf": "center",
                  "flexDirection": "column",
                },
              ],
            ],
          ]
        }
      >
        <Text
          _isUnderlined={false}
          _letterSpacing="small"
          _weight="regular"
          align="left"
          color="shade.980"
          size="large"
          style={
            Array [
              Object {
                "color": "rgba(22, 47, 86, 0.87)",
                "fontFamily": "Lato-Regular",
                "fontSize": 16,
                "letterSpacing": 0,
                "lineHeight": 24,
                "textAlign": "left",
                "textDecorationLine": "none",
              },
            ]
          }
          testID="ds-text"
        >
          React
        </Text>
      </View>
    </View>
  </TouchableOpacity>
  <TouchableOpacity
    accessibilityRole="radio"
    activeOpacity={1}
    disabled={false}
    style={
      Array [
        Array [
          Object {
            "alignSelf": "flex-start",
            "flexDirection": "column",
          },
        ],
      ]
    }
    testID="angularSelectId"
    underlayColor="transparent"
  >
    <View
      style={
        Array [
          Array [
            Object {
              "alignItems": "center",
              "flexDirection": "row",
            },
          ],
        ]
      }
    >
      <View
        backgroundColor="transparent"
        borderRadius="14px"
        style={
          Array [
            Object {
              "backgroundColor": "transparent",
              "borderRadius": 14,
              "height": undefined,
              "width": undefined,
            },
            Array [
              Object {
                "height": 28,
                "width": 28,
              },
              Array [
                Object {
                  "alignItems": "center",
                  "flexDirection": "column",
                  "justifyContent": "center",
                },
              ],
            ],
          ]
        }
      >
        <View
          borderRadius="7px"
          borderWidth="1.4px"
          color="rgba(22, 47, 86, 0.38)"
          style={
            Array [
              Object {
                "borderColor": "rgba(22, 47, 86, 0.38)",
                "borderRadius": 7,
                "borderWidth": 1.4,
              },
              Array [
                Object {
                  "height": 14,
                  "width": 14,
                },
                Array [
                  Object {
                    "alignItems": "center",
                    "flexDirection": "column",
                    "justifyContent": "center",
                  },
                ],
              ],
            ]
          }
        />
      </View>
      <View
        style={
          Array [
            Array [
              Object {
                "marginBottom": 0,
                "marginLeft": 4,
                "marginRight": 0,
                "marginTop": 0,
              },
              Array [
                Object {
                  "alignSelf": "center",
                  "flexDirection": "column",
                },
              ],
            ],
          ]
        }
      >
        <Text
          _isUnderlined={false}
          _letterSpacing="small"
          _weight="regular"
          align="left"
          color="shade.980"
          size="large"
          style={
            Array [
              Object {
                "color": "rgba(22, 47, 86, 0.87)",
                "fontFamily": "Lato-Regular",
                "fontSize": 16,
                "letterSpacing": 0,
                "lineHeight": 24,
                "textAlign": "left",
                "textDecorationLine": "none",
              },
            ]
          }
          testID="ds-text"
        >
          Angular
        </Text>
      </View>
    </View>
  </TouchableOpacity>
  <TouchableOpacity
    accessibilityRole="radio"
    activeOpacity={1}
    disabled={false}
    style={
      Array [
        Array [
          Object {
            "alignSelf": "flex-start",
            "flexDirection": "column",
          },
        ],
      ]
    }
    testID="vueSelectId"
    underlayColor="transparent"
  >
    <View
      style={
        Array [
          Array [
            Object {
              "alignItems": "center",
              "flexDirection": "row",
            },
          ],
        ]
      }
    >
      <View
        backgroundColor="transparent"
        borderRadius="14px"
        style={
          Array [
            Object {
              "backgroundColor": "transparent",
              "borderRadius": 14,
              "height": undefined,
              "width": undefined,
            },
            Array [
              Object {
                "height": 28,
                "width": 28,
              },
              Array [
                Object {
                  "alignItems": "center",
                  "flexDirection": "column",
                  "justifyContent": "center",
                },
              ],
            ],
          ]
        }
      >
        <View
          borderRadius="7px"
          borderWidth="1.4px"
          color="rgba(22, 47, 86, 0.38)"
          style={
            Array [
              Object {
                "borderColor": "rgba(22, 47, 86, 0.38)",
                "borderRadius": 7,
                "borderWidth": 1.4,
              },
              Array [
                Object {
                  "height": 14,
                  "width": 14,
                },
                Array [
                  Object {
                    "alignItems": "center",
                    "flexDirection": "column",
                    "justifyContent": "center",
                  },
                ],
              ],
            ]
          }
        />
      </View>
      <View
        style={
          Array [
            Array [
              Object {
                "marginBottom": 0,
                "marginLeft": 4,
                "marginRight": 0,
                "marginTop": 0,
              },
              Array [
                Object {
                  "alignSelf": "center",
                  "flexDirection": "column",
                },
              ],
            ],
          ]
        }
      >
        <Text
          _isUnderlined={false}
          _letterSpacing="small"
          _weight="regular"
          align="left"
          color="shade.980"
          size="large"
          style={
            Array [
              Object {
                "color": "rgba(22, 47, 86, 0.87)",
                "fontFamily": "Lato-Regular",
                "fontSize": 16,
                "letterSpacing": 0,
                "lineHeight": 24,
                "textAlign": "left",
                "textDecorationLine": "none",
              },
            ]
          }
          testID="ds-text"
        >
          Vue
        </Text>
      </View>
    </View>
  </TouchableOpacity>
</View>
`;

exports[`Native <RadioButton /> Uncontrolled <Radio> snapshot testing when user presses out 1`] = `
<View
  collapsable={true}
  pointerEvents="box-none"
  style={
    Object {
      "flex": 1,
    }
  }
>
  <TouchableOpacity
    accessibilityRole="radio"
    activeOpacity={1}
    disabled={false}
    style={
      Array [
        Array [
          Object {
            "alignSelf": "flex-start",
            "flexDirection": "column",
          },
        ],
      ]
    }
    testID="reactSelectId"
    underlayColor="transparent"
  >
    <View
      style={
        Array [
          Array [
            Object {
              "alignItems": "center",
              "flexDirection": "row",
            },
          ],
        ]
      }
    >
      <View
        backgroundColor="transparent"
        borderRadius="12px"
        style={
          Array [
            Object {
              "backgroundColor": "transparent",
              "borderRadius": 12,
              "height": undefined,
              "width": undefined,
            },
            Array [
              Object {
                "height": 24,
                "width": 24,
              },
              Array [
                Object {
                  "alignItems": "center",
                  "flexDirection": "column",
                  "justifyContent": "center",
                },
              ],
            ],
          ]
        }
      >
        <View
          borderRadius="6px"
          borderWidth="1.2px"
          color="rgba(22, 47, 86, 0.38)"
          style={
            Array [
              Object {
                "borderColor": "rgba(22, 47, 86, 0.38)",
                "borderRadius": 6,
                "borderWidth": 1.2,
              },
              Array [
                Object {
                  "height": 12,
                  "width": 12,
                },
                Array [
                  Object {
                    "alignItems": "center",
                    "flexDirection": "column",
                    "justifyContent": "center",
                  },
                ],
              ],
            ]
          }
        />
      </View>
      <View
        style={
          Array [
            Array [
              Object {
                "marginBottom": 0,
                "marginLeft": 4,
                "marginRight": 0,
                "marginTop": 0,
              },
              Array [
                Object {
                  "alignSelf": "center",
                  "flexDirection": "column",
                },
              ],
            ],
          ]
        }
      >
        <Text
          _isUnderlined={false}
          _letterSpacing="small"
          _weight="regular"
          align="left"
          color="shade.980"
          size="medium"
          style={
            Array [
              Object {
                "color": "rgba(22, 47, 86, 0.87)",
                "fontFamily": "Lato-Regular",
                "fontSize": 14,
                "letterSpacing": 0,
                "lineHeight": 20,
                "textAlign": "left",
                "textDecorationLine": "none",
              },
            ]
          }
          testID="ds-text"
        >
          React
        </Text>
      </View>
    </View>
  </TouchableOpacity>
  <TouchableOpacity
    accessibilityRole="radio"
    activeOpacity={1}
    disabled={false}
    style={
      Array [
        Array [
          Object {
            "alignSelf": "flex-start",
            "flexDirection": "column",
          },
        ],
      ]
    }
    testID="angularSelectId"
    underlayColor="transparent"
  >
    <View
      style={
        Array [
          Array [
            Object {
              "alignItems": "center",
              "flexDirection": "row",
            },
          ],
        ]
      }
    >
      <View
        backgroundColor="transparent"
        borderRadius="12px"
        style={
          Array [
            Object {
              "backgroundColor": "transparent",
              "borderRadius": 12,
              "height": undefined,
              "width": undefined,
            },
            Array [
              Object {
                "height": 24,
                "width": 24,
              },
              Array [
                Object {
                  "alignItems": "center",
                  "flexDirection": "column",
                  "justifyContent": "center",
                },
              ],
            ],
          ]
        }
      >
        <View
          borderRadius="6px"
          borderWidth="1.2px"
          color="rgba(43, 131, 234, 1.0 )"
          style={
            Array [
              Object {
                "borderColor": "rgba(43, 131, 234, 1.0 )",
                "borderRadius": 6,
                "borderWidth": 1.2,
              },
              Array [
                Object {
                  "height": 12,
                  "width": 12,
                },
                Array [
                  Object {
                    "alignItems": "center",
                    "flexDirection": "column",
                    "justifyContent": "center",
                  },
                ],
              ],
            ]
          }
        >
          <View
            backgroundColor="rgba(43, 131, 234, 1.0 )"
            borderRadius="3px"
            style={
              Array [
                Object {
                  "backgroundColor": "rgba(43, 131, 234, 1.0 )",
                  "borderRadius": 3,
                },
                Array [
                  Object {
                    "height": 6,
                    "width": 6,
                  },
                ],
              ]
            }
          />
        </View>
      </View>
      <View
        style={
          Array [
            Array [
              Object {
                "marginBottom": 0,
                "marginLeft": 4,
                "marginRight": 0,
                "marginTop": 0,
              },
              Array [
                Object {
                  "alignSelf": "center",
                  "flexDirection": "column",
                },
              ],
            ],
          ]
        }
      >
        <Text
          _isUnderlined={false}
          _letterSpacing="small"
          _weight="regular"
          align="left"
          color="shade.980"
          size="medium"
          style={
            Array [
              Object {
                "color": "rgba(22, 47, 86, 0.87)",
                "fontFamily": "Lato-Regular",
                "fontSize": 14,
                "letterSpacing": 0,
                "lineHeight": 20,
                "textAlign": "left",
                "textDecorationLine": "none",
              },
            ]
          }
          testID="ds-text"
        >
          Angular
        </Text>
      </View>
    </View>
  </TouchableOpacity>
  <TouchableOpacity
    accessibilityRole="radio"
    activeOpacity={1}
    disabled={false}
    style={
      Array [
        Array [
          Object {
            "alignSelf": "flex-start",
            "flexDirection": "column",
          },
        ],
      ]
    }
    testID="vueSelectId"
    underlayColor="transparent"
  >
    <View
      style={
        Array [
          Array [
            Object {
              "alignItems": "center",
              "flexDirection": "row",
            },
          ],
        ]
      }
    >
      <View
        backgroundColor="transparent"
        borderRadius="12px"
        style={
          Array [
            Object {
              "backgroundColor": "transparent",
              "borderRadius": 12,
              "height": undefined,
              "width": undefined,
            },
            Array [
              Object {
                "height": 24,
                "width": 24,
              },
              Array [
                Object {
                  "alignItems": "center",
                  "flexDirection": "column",
                  "justifyContent": "center",
                },
              ],
            ],
          ]
        }
      >
        <View
          borderRadius="6px"
          borderWidth="1.2px"
          color="rgba(22, 47, 86, 0.38)"
          style={
            Array [
              Object {
                "borderColor": "rgba(22, 47, 86, 0.38)",
                "borderRadius": 6,
                "borderWidth": 1.2,
              },
              Array [
                Object {
                  "height": 12,
                  "width": 12,
                },
                Array [
                  Object {
                    "alignItems": "center",
                    "flexDirection": "column",
                    "justifyContent": "center",
                  },
                ],
              ],
            ]
          }
        />
      </View>
      <View
        style={
          Array [
            Array [
              Object {
                "marginBottom": 0,
                "marginLeft": 4,
                "marginRight": 0,
                "marginTop": 0,
              },
              Array [
                Object {
                  "alignSelf": "center",
                  "flexDirection": "column",
                },
              ],
            ],
          ]
        }
      >
        <Text
          _isUnderlined={false}
          _letterSpacing="small"
          _weight="regular"
          align="left"
          color="shade.980"
          size="medium"
          style={
            Array [
              Object {
                "color": "rgba(22, 47, 86, 0.87)",
                "fontFamily": "Lato-Regular",
                "fontSize": 14,
                "letterSpacing": 0,
                "lineHeight": 20,
                "textAlign": "left",
                "textDecorationLine": "none",
              },
            ]
          }
          testID="ds-text"
        >
          Vue
        </Text>
      </View>
    </View>
  </TouchableOpacity>
</View>
`;

exports[`Native <RadioButton /> controlled component should match snapshot testing when user presses in  on RadioButton of medium large 1`] = `
<View
  collapsable={true}
  pointerEvents="box-none"
  style={
    Object {
      "flex": 1,
    }
  }
>
  <TouchableOpacity
    accessibilityRole="radio"
    activeOpacity={1}
    disabled={false}
    style={
      Array [
        Array [
          Object {
            "alignSelf": "flex-start",
            "flexDirection": "column",
          },
        ],
      ]
    }
    testID="reactSelectId"
    underlayColor="transparent"
  >
    <View
      style={
        Array [
          Array [
            Object {
              "alignItems": "center",
              "flexDirection": "row",
            },
          ],
        ]
      }
    >
      <View
        backgroundColor="rgba(224, 228, 249, 0.24)"
        borderRadius="14px"
        style={
          Array [
            Object {
              "backgroundColor": "rgba(224, 228, 249, 0.24)",
              "borderRadius": 14,
              "height": undefined,
              "width": undefined,
            },
            Array [
              Object {
                "height": 28,
                "width": 28,
              },
              Array [
                Object {
                  "alignItems": "center",
                  "flexDirection": "column",
                  "justifyContent": "center",
                },
              ],
            ],
          ]
        }
      >
        <View
          borderRadius="7px"
          borderWidth="1.4px"
          color="rgba(22, 47, 86, 0.38)"
          style={
            Array [
              Object {
                "borderColor": "rgba(22, 47, 86, 0.38)",
                "borderRadius": 7,
                "borderWidth": 1.4,
              },
              Array [
                Object {
                  "height": 14,
                  "width": 14,
                },
                Array [
                  Object {
                    "alignItems": "center",
                    "flexDirection": "column",
                    "justifyContent": "center",
                  },
                ],
              ],
            ]
          }
        />
      </View>
      <View
        style={
          Array [
            Array [
              Object {
                "marginBottom": 0,
                "marginLeft": 4,
                "marginRight": 0,
                "marginTop": 0,
              },
              Array [
                Object {
                  "alignSelf": "center",
                  "flexDirection": "column",
                },
              ],
            ],
          ]
        }
      >
        <Text
          _isUnderlined={false}
          _letterSpacing="small"
          _weight="regular"
          align="left"
          color="shade.980"
          size="large"
          style={
            Array [
              Object {
                "color": "rgba(22, 47, 86, 0.87)",
                "fontFamily": "Lato-Regular",
                "fontSize": 16,
                "letterSpacing": 0,
                "lineHeight": 24,
                "textAlign": "left",
                "textDecorationLine": "none",
              },
            ]
          }
          testID="ds-text"
        >
          React
        </Text>
      </View>
    </View>
  </TouchableOpacity>
  <TouchableOpacity
    accessibilityRole="radio"
    activeOpacity={1}
    disabled={false}
    style={
      Array [
        Array [
          Object {
            "alignSelf": "flex-start",
            "flexDirection": "column",
          },
        ],
      ]
    }
    testID="angularSelectId"
    underlayColor="transparent"
  >
    <View
      style={
        Array [
          Array [
            Object {
              "alignItems": "center",
              "flexDirection": "row",
            },
          ],
        ]
      }
    >
      <View
        backgroundColor="transparent"
        borderRadius="12px"
        style={
          Array [
            Object {
              "backgroundColor": "transparent",
              "borderRadius": 12,
              "height": undefined,
              "width": undefined,
            },
            Array [
              Object {
                "height": 24,
                "width": 24,
              },
              Array [
                Object {
                  "alignItems": "center",
                  "flexDirection": "column",
                  "justifyContent": "center",
                },
              ],
            ],
          ]
        }
      >
        <View
          borderRadius="6px"
          borderWidth="1.2px"
          color="rgba(43, 131, 234, 1.0 )"
          style={
            Array [
              Object {
                "borderColor": "rgba(43, 131, 234, 1.0 )",
                "borderRadius": 6,
                "borderWidth": 1.2,
              },
              Array [
                Object {
                  "height": 12,
                  "width": 12,
                },
                Array [
                  Object {
                    "alignItems": "center",
                    "flexDirection": "column",
                    "justifyContent": "center",
                  },
                ],
              ],
            ]
          }
        >
          <View
            backgroundColor="rgba(43, 131, 234, 1.0 )"
            borderRadius="3px"
            style={
              Array [
                Object {
                  "backgroundColor": "rgba(43, 131, 234, 1.0 )",
                  "borderRadius": 3,
                },
                Array [
                  Object {
                    "height": 6,
                    "width": 6,
                  },
                ],
              ]
            }
          />
        </View>
      </View>
      <View
        style={
          Array [
            Array [
              Object {
                "marginBottom": 0,
                "marginLeft": 4,
                "marginRight": 0,
                "marginTop": 0,
              },
              Array [
                Object {
                  "alignSelf": "center",
                  "flexDirection": "column",
                },
              ],
            ],
          ]
        }
      >
        <Text
          _isUnderlined={false}
          _letterSpacing="small"
          _weight="regular"
          align="left"
          color="shade.980"
          size="medium"
          style={
            Array [
              Object {
                "color": "rgba(22, 47, 86, 0.87)",
                "fontFamily": "Lato-Regular",
                "fontSize": 14,
                "letterSpacing": 0,
                "lineHeight": 20,
                "textAlign": "left",
                "textDecorationLine": "none",
              },
            ]
          }
          testID="ds-text"
        >
          Angular
        </Text>
      </View>
    </View>
  </TouchableOpacity>
  <TouchableOpacity
    accessibilityRole="radio"
    activeOpacity={1}
    disabled={false}
    style={
      Array [
        Array [
          Object {
            "alignSelf": "flex-start",
            "flexDirection": "column",
          },
        ],
      ]
    }
    testID="vueSelectId"
    underlayColor="transparent"
  >
    <View
      style={
        Array [
          Array [
            Object {
              "alignItems": "center",
              "flexDirection": "row",
            },
          ],
        ]
      }
    >
      <View
        backgroundColor="transparent"
        borderRadius="14px"
        style={
          Array [
            Object {
              "backgroundColor": "transparent",
              "borderRadius": 14,
              "height": undefined,
              "width": undefined,
            },
            Array [
              Object {
                "height": 28,
                "width": 28,
              },
              Array [
                Object {
                  "alignItems": "center",
                  "flexDirection": "column",
                  "justifyContent": "center",
                },
              ],
            ],
          ]
        }
      >
        <View
          borderRadius="7px"
          borderWidth="1.4px"
          color="rgba(22, 47, 86, 0.38)"
          style={
            Array [
              Object {
                "borderColor": "rgba(22, 47, 86, 0.38)",
                "borderRadius": 7,
                "borderWidth": 1.4,
              },
              Array [
                Object {
                  "height": 14,
                  "width": 14,
                },
                Array [
                  Object {
                    "alignItems": "center",
                    "flexDirection": "column",
                    "justifyContent": "center",
                  },
                ],
              ],
            ]
          }
        />
      </View>
      <View
        style={
          Array [
            Array [
              Object {
                "marginBottom": 0,
                "marginLeft": 4,
                "marginRight": 0,
                "marginTop": 0,
              },
              Array [
                Object {
                  "alignSelf": "center",
                  "flexDirection": "column",
                },
              ],
            ],
          ]
        }
      >
        <Text
          _isUnderlined={false}
          _letterSpacing="small"
          _weight="regular"
          align="left"
          color="shade.980"
          size="large"
          style={
            Array [
              Object {
                "color": "rgba(22, 47, 86, 0.87)",
                "fontFamily": "Lato-Regular",
                "fontSize": 16,
                "letterSpacing": 0,
                "lineHeight": 24,
                "textAlign": "left",
                "textDecorationLine": "none",
              },
            ]
          }
          testID="ds-text"
        >
          Vue
        </Text>
      </View>
    </View>
  </TouchableOpacity>
</View>
`;

exports[`Native <RadioButton /> controlled component should render controlled Radio component 1`] = `
<View
  collapsable={true}
  pointerEvents="box-none"
  style={
    Object {
      "flex": 1,
    }
  }
>
  <TouchableOpacity
    accessibilityRole="radio"
    activeOpacity={1}
    disabled={false}
    style={
      Array [
        Array [
          Object {
            "alignSelf": "flex-start",
            "flexDirection": "column",
          },
        ],
      ]
    }
    testID="ds-radio-button"
    underlayColor="transparent"
  >
    <View
      style={
        Array [
          Array [
            Object {
              "alignItems": "center",
              "flexDirection": "row",
            },
          ],
        ]
      }
    >
      <View
        backgroundColor="transparent"
        borderRadius="12px"
        style={
          Array [
            Object {
              "backgroundColor": "transparent",
              "borderRadius": 12,
              "height": undefined,
              "width": undefined,
            },
            Array [
              Object {
                "height": 24,
                "width": 24,
              },
              Array [
                Object {
                  "alignItems": "center",
                  "flexDirection": "column",
                  "justifyContent": "center",
                },
              ],
            ],
          ]
        }
      >
        <View
          borderRadius="6px"
          borderWidth="1.2px"
          color="rgba(43, 131, 234, 1.0 )"
          style={
            Array [
              Object {
                "borderColor": "rgba(43, 131, 234, 1.0 )",
                "borderRadius": 6,
                "borderWidth": 1.2,
              },
              Array [
                Object {
                  "height": 12,
                  "width": 12,
                },
                Array [
                  Object {
                    "alignItems": "center",
                    "flexDirection": "column",
                    "justifyContent": "center",
                  },
                ],
              ],
            ]
          }
        >
          <View
            backgroundColor="rgba(43, 131, 234, 1.0 )"
            borderRadius="3px"
            style={
              Array [
                Object {
                  "backgroundColor": "rgba(43, 131, 234, 1.0 )",
                  "borderRadius": 3,
                },
                Array [
                  Object {
                    "height": 6,
                    "width": 6,
                  },
                ],
              ]
            }
          />
        </View>
      </View>
      <View
        style={
          Array [
            Array [
              Object {
                "marginBottom": 0,
                "marginLeft": 4,
                "marginRight": 0,
                "marginTop": 0,
              },
              Array [
                Object {
                  "alignSelf": "center",
                  "flexDirection": "column",
                },
              ],
            ],
          ]
        }
      >
        <Text
          _isUnderlined={false}
          _letterSpacing="small"
          _weight="regular"
          align="left"
          color="shade.980"
          size="medium"
          style={
            Array [
              Object {
                "color": "rgba(22, 47, 86, 0.87)",
                "fontFamily": "Lato-Regular",
                "fontSize": 14,
                "letterSpacing": 0,
                "lineHeight": 20,
                "textAlign": "left",
                "textDecorationLine": "none",
              },
            ]
          }
          testID="ds-text"
        >
          React
        </Text>
      </View>
    </View>
  </TouchableOpacity>
  <TouchableOpacity
    accessibilityRole="radio"
    activeOpacity={1}
    disabled={false}
    style={
      Array [
        Array [
          Object {
            "alignSelf": "flex-start",
            "flexDirection": "column",
          },
        ],
      ]
    }
    testID="ds-radio-button"
    underlayColor="transparent"
  >
    <View
      style={
        Array [
          Array [
            Object {
              "alignItems": "center",
              "flexDirection": "row",
            },
          ],
        ]
      }
    >
      <View
        backgroundColor="transparent"
        borderRadius="12px"
        style={
          Array [
            Object {
              "backgroundColor": "transparent",
              "borderRadius": 12,
              "height": undefined,
              "width": undefined,
            },
            Array [
              Object {
                "height": 24,
                "width": 24,
              },
              Array [
                Object {
                  "alignItems": "center",
                  "flexDirection": "column",
                  "justifyContent": "center",
                },
              ],
            ],
          ]
        }
      >
        <View
          borderRadius="6px"
          borderWidth="1.2px"
          color="rgba(22, 47, 86, 0.38)"
          style={
            Array [
              Object {
                "borderColor": "rgba(22, 47, 86, 0.38)",
                "borderRadius": 6,
                "borderWidth": 1.2,
              },
              Array [
                Object {
                  "height": 12,
                  "width": 12,
                },
                Array [
                  Object {
                    "alignItems": "center",
                    "flexDirection": "column",
                    "justifyContent": "center",
                  },
                ],
              ],
            ]
          }
        />
      </View>
      <View
        style={
          Array [
            Array [
              Object {
                "marginBottom": 0,
                "marginLeft": 4,
                "marginRight": 0,
                "marginTop": 0,
              },
              Array [
                Object {
                  "alignSelf": "center",
                  "flexDirection": "column",
                },
              ],
            ],
          ]
        }
      >
        <Text
          _isUnderlined={false}
          _letterSpacing="small"
          _weight="regular"
          align="left"
          color="shade.980"
          size="medium"
          style={
            Array [
              Object {
                "color": "rgba(22, 47, 86, 0.87)",
                "fontFamily": "Lato-Regular",
                "fontSize": 14,
                "letterSpacing": 0,
                "lineHeight": 20,
                "textAlign": "left",
                "textDecorationLine": "none",
              },
            ]
          }
          testID="ds-text"
        >
          Angular
        </Text>
      </View>
    </View>
  </TouchableOpacity>
  <TouchableOpacity
    accessibilityRole="radio"
    activeOpacity={1}
    disabled={false}
    style={
      Array [
        Array [
          Object {
            "alignSelf": "flex-start",
            "flexDirection": "column",
          },
        ],
      ]
    }
    testID="ds-radio-button"
    underlayColor="transparent"
  >
    <View
      style={
        Array [
          Array [
            Object {
              "alignItems": "center",
              "flexDirection": "row",
            },
          ],
        ]
      }
    >
      <View
        backgroundColor="transparent"
        borderRadius="12px"
        style={
          Array [
            Object {
              "backgroundColor": "transparent",
              "borderRadius": 12,
              "height": undefined,
              "width": undefined,
            },
            Array [
              Object {
                "height": 24,
                "width": 24,
              },
              Array [
                Object {
                  "alignItems": "center",
                  "flexDirection": "column",
                  "justifyContent": "center",
                },
              ],
            ],
          ]
        }
      >
        <View
          borderRadius="6px"
          borderWidth="1.2px"
          color="rgba(22, 47, 86, 0.38)"
          style={
            Array [
              Object {
                "borderColor": "rgba(22, 47, 86, 0.38)",
                "borderRadius": 6,
                "borderWidth": 1.2,
              },
              Array [
                Object {
                  "height": 12,
                  "width": 12,
                },
                Array [
                  Object {
                    "alignItems": "center",
                    "flexDirection": "column",
                    "justifyContent": "center",
                  },
                ],
              ],
            ]
          }
        />
      </View>
      <View
        style={
          Array [
            Array [
              Object {
                "marginBottom": 0,
                "marginLeft": 4,
                "marginRight": 0,
                "marginTop": 0,
              },
              Array [
                Object {
                  "alignSelf": "center",
                  "flexDirection": "column",
                },
              ],
            ],
          ]
        }
      >
        <Text
          _isUnderlined={false}
          _letterSpacing="small"
          _weight="regular"
          align="left"
          color="shade.980"
          size="medium"
          style={
            Array [
              Object {
                "color": "rgba(22, 47, 86, 0.87)",
                "fontFamily": "Lato-Regular",
                "fontSize": 14,
                "letterSpacing": 0,
                "lineHeight": 20,
                "textAlign": "left",
                "textDecorationLine": "none",
              },
            ]
          }
          testID="ds-text"
        >
          Vue
        </Text>
      </View>
    </View>
  </TouchableOpacity>
</View>
`;
