// Jest Snapshot v1, https://goo.gl/fbAQLP

exports[`<ScrollView /> should render Text in scroll view 1`] = `
<div>
  <div
    class="Viewweb__View-sc-1i53gcl-0 iLSGsw"
  >
    <div
      class="Textweb__Text-dvo2dp-0 kgLoKE"
      color="shade.980"
      data-testid="ds-text"
    >
      Hello World
    </div>
  </div>
</div>
`;
