// Jest Snapshot v1, https://goo.gl/fbAQLP

exports[`Renders <Size /> correctly should apply all specified props to child component 1`] = `
<View
  collapsable={true}
  pointerEvents="box-none"
  style={
    Object {
      "flex": 1,
    }
  }
>
  <View
    style={
      Array [
        Array [
          Object {
            "height": "100%",
            "maxHeight": 20,
            "maxWidth": 20,
            "minHeight": 5,
            "minWidth": 5,
            "width": 10,
          },
        ],
        undefined,
      ]
    }
  />
</View>
`;
